// Jest Snapshot v1, https://goo.gl/fbAQLP

exports[`BooksGrid renders correctly 1`] = `
<div
  className="main"
>
  <fieldset
    className="authorGrid"
  >
    <legend
      align="center"
    >
      J K Rowling
    </legend>
    <div
      className="book"
    >
      <img
        alt="book"
        className="image"
        src="./cover_image.jpeg"
      />
      <div
        className="container"
      >
        <p
          className="title"
        >
          Harry Potter and the Sorcerers Stone (Harry Potter, #1)
        </p>
        <span>
          4.45
        </span>
        <img
          alt=""
          className="heart"
          onClick={[Function]}
          src="heart-black.svg"
        />
      </div>
    </div>
  </fieldset>
</div>
`;
